*** Using Compiler 'V5.06 update 7 (build 960)', folder: 'D:\Keil_v5\ARM\ARMCC\Bin'
Rebuild target 'XpLLC474_v0.1'
assembling startup_stm32g474xx.s...
compiling stm32g4xx_ll_adc.c...
compiling stm32g4xx_it.c...
compiling stm32g4xx_hal_flash_ex.c...
compiling stm32g4xx_hal_msp.c...
compiling stm32g4xx_hal.c...
compiling stm32g4xx_hal_flash_ramfunc.c...
compiling stm32g4xx_hal_rcc.c...
compiling stm32g4xx_hal_flash.c...
compiling main.c...
compiling stm32g4xx_hal_adc_ex.c...
compiling stm32g4xx_hal_adc.c...
compiling stm32g4xx_hal_rcc_ex.c...
compiling stm32g4xx_hal_dma.c...
compiling stm32g4xx_hal_gpio.c...
compiling stm32g4xx_hal_cortex.c...
compiling stm32g4xx_hal_dma_ex.c...
compiling stm32g4xx_hal_pwr.c...
compiling stm32g4xx_hal_exti.c...
compiling stm32g4xx_hal_dac_ex.c...
compiling stm32g4xx_hal_dac.c...
compiling stm32g4xx_hal_comp.c...
compiling stm32g4xx_hal_fdcan.c...
compiling stm32g4xx_hal_pwr_ex.c...
compiling stm32g4xx_hal_spi_ex.c...
compiling MODBUS_SLAVE.c...
..\AppUser\MODBUS_SLAVE.c(136): warning:  #188-D: enumerated type mixed with another type
      pfc_DataFlowFace.RunState = rxdata[idx++];
..\AppUser\MODBUS_SLAVE.c: 1 warning, 0 errors
compiling stm32g4xx_hal_spi.c...
compiling system_stm32g4xx.c...
compiling ConsoleFast.c...
..\AppUser\ConsoleFast.c(90): warning:  #177-D: variable "ErrNum2"  was declared but never referenced
  	static uint16_t ErrNum1 = 0,ErrNum2 = 0;
..\AppUser\ConsoleFast.c: 1 warning, 0 errors
compiling ConsoleSlow.c...
compiling stm32g4xx_hal_uart_ex.c...
compiling stm32g4xx_hal_tim_ex.c...
compiling stm32g4xx_hal_uart.c...
compiling stm32g4xx_hal_tim.c...
compiling HostOtaHandoff.c...
compiling stm32g4xx_hal_hrtim.c...
compiling HostSlotValidate.c...
..\common\HostSlotValidate.h(10): warning:  #47-D: incompatible redefinition of macro "DF_HOST_UPBLOCK_INVALID"  (declared at line 61 of "..\common\HostFlashMemoryMap.h")
  #define DF_HOST_UPBLOCK_INVALID             ((uint8_t)0x00U)
..\common\HostSlotValidate.c: 1 warning, 0 errors
compiling HostProgStatusInit.c...
..\common\HostSlotValidate.h(10): warning:  #47-D: incompatible redefinition of macro "DF_HOST_UPBLOCK_INVALID"  (declared at line 61 of "../common/HostFlashMemoryMap.h")
  #define DF_HOST_UPBLOCK_INVALID             ((uint8_t)0x00U)
..\common\HostProgStatusInit.c: 1 warning, 0 errors
compiling OtaHandoffDevType.c...
compiling CanFdTxQueue.c...
compiling HostX1JumpShutdown.c...
compiling OtaGw.c...
compiling user_sample.c...
compiling operateStatus.c...
..\AppUser\operateStatus.c(105): warning:  #188-D: enumerated type mixed with another type
  		if(DataFlowFace.RunState != gSys_State.SysSta)DataFlowFace.OldState = 0;
..\AppUser\operateStatus.c(106): warning:  #188-D: enumerated type mixed with another type
  		DataFlowFace.RunState = gSys_State.SysSta;
..\AppUser\operateStatus.c: 2 warnings, 0 errors
compiling HostA2Inquire.c...
compiling LlcOta.c...
..\OtaGateway\LlcOta.c(12): warning:  #177-D: variable "s_u32PfcWaitStartMs"  was declared but never referenced
  static uint32_t s_u32PfcWaitStartMs = 0U;
..\OtaGateway\LlcOta.c(13): warning:  #177-D: variable "s_u32PfcLastSendMs"  was declared but never referenced
  static uint32_t s_u32PfcLastSendMs = 0U;
..\OtaGateway\LlcOta.c: 2 warnings, 0 errors
compiling mathR02.c...
..\AppUser\mathR02.c(466): warning:  #550-D: variable "vBat"  was set but never used
    float temp,vRly,vBat = 0;
..\AppUser\mathR02.c: 1 warning, 0 errors
compiling CAN_Control_2800W.c...
compiling HostX1Gate.c...
..\common\HostSlotValidate.h(10): warning:  #47-D: incompatible redefinition of macro "DF_HOST_UPBLOCK_INVALID"  (declared at line 61 of "..\common\HostFlashMemoryMap.h")
  #define DF_HOST_UPBLOCK_INVALID             ((uint8_t)0x00U)
..\common\HostX1Gate.c: 1 warning, 0 errors
compiling mx25L1606E.c...
compiling crc16.c...
compiling UpgradeMsgSaveFunctionDf.c...
compiling Flash_spi.c...
linking...
Program Size: Code=55272 RO-data=4056 RW-data=140 ZI-data=5116  
FromELF: creating hex file...
After Build - User command #2: fromelf.exe  --bin -o "XpLLC474_v0.1\XpLLC474_v0.bin" "XpLLC474_v0.1\XpLLC474_v0.1"
"XpLLC474_v0.1\XpLLC474_v0.1" - 0 Error(s), 10 Warning(s).
Build Time Elapsed:  00:00:46
