*** Using Compiler 'V5.06 update 7 (build 960)', folder: 'D:\Keil_v5\ARM\ARMCC\Bin'
Build target 'XpLLC474_v0.1'
assembling startup_stm32g474xx.s...
compiling stm32g4xx_ll_adc.c...
compiling stm32g4xx_hal_flash_ramfunc.c...
compiling stm32g4xx_hal_gpio.c...
Fatal error: C3904U: Could not open via file 'xpllc474_v0.1\stm32g4xx_hal_gpio.__i'.
compiling stm32g4xx_hal_exti.c...
Fatal error: C3904U: Could not open via file 'xpllc474_v0.1\stm32g4xx_hal_exti.__i'.
compiling stm32g4xx_hal_dma.c...
Fatal error: C3904U: Could not open via file 'xpllc474_v0.1\stm32g4xx_hal_dma.__i'.
compiling stm32g4xx_hal_flash_ex.c...
compiling stm32g4xx_hal.c...
compiling stm32g4xx_hal_dma_ex.c...
Fatal error: C3904U: Could not open via file 'xpllc474_v0.1\stm32g4xx_hal_dma_ex.__i'.
compiling stm32g4xx_it.c...
compiling stm32g4xx_hal_pwr_ex.c...
Fatal error: C3904U: Could not open via file 'xpllc474_v0.1\stm32g4xx_hal_pwr_ex.__i'.
compiling stm32g4xx_hal_pwr.c...
Fatal error: C3904U: Could not open via file 'xpllc474_v0.1\stm32g4xx_hal_pwr.__i'.
compiling stm32g4xx_hal_cortex.c...
Fatal error: C3904U: Could not open via file 'xpllc474_v0.1\stm32g4xx_hal_cortex.__i'.
compiling stm32g4xx_hal_rcc.c...
compiling stm32g4xx_hal_comp.c...
Fatal error: C3904U: Could not open via file 'xpllc474_v0.1\stm32g4xx_hal_comp.__i'.
compiling stm32g4xx_hal_dac_ex.c...
Fatal error: C3904U: Could not open via file 'xpllc474_v0.1\stm32g4xx_hal_dac_ex.__i'.
compiling stm32g4xx_hal_dac.c...
Fatal error: C3904U: Could not open via file 'xpllc474_v0.1\stm32g4xx_hal_dac.__i'.
compiling stm32g4xx_hal_fdcan.c...
Fatal error: C3904U: Could not open via file 'xpllc474_v0.1\stm32g4xx_hal_fdcan.__i'.
compiling stm32g4xx_hal_hrtim.c...
Fatal error: C3904U: Could not open via file 'xpllc474_v0.1\stm32g4xx_hal_hrtim.__i'.
compiling stm32g4xx_hal_spi.c...
Fatal error: C3904U: Could not open via file 'xpllc474_v0.1\stm32g4xx_hal_spi.__i'.
compiling stm32g4xx_hal_flash.c...
compiling stm32g4xx_hal_spi_ex.c...
Fatal error: C3904U: Could not open via file 'xpllc474_v0.1\stm32g4xx_hal_spi_ex.__i'.
compiling stm32g4xx_hal_adc_ex.c...
compiling stm32g4xx_hal_rcc_ex.c...
compiling stm32g4xx_hal_tim.c...
Fatal error: C3904U: Could not open via file 'xpllc474_v0.1\stm32g4xx_hal_tim.__i'.
compiling stm32g4xx_hal_uart.c...
Fatal error: C3904U: Could not open via file 'xpllc474_v0.1\stm32g4xx_hal_uart.__i'.
compiling stm32g4xx_hal_tim_ex.c...
Fatal error: C3904U: Could not open via file 'xpllc474_v0.1\stm32g4xx_hal_tim_ex.__i'.
compiling stm32g4xx_hal_msp.c...
compiling stm32g4xx_hal_uart_ex.c...
Fatal error: C3904U: Could not open via file 'xpllc474_v0.1\stm32g4xx_hal_uart_ex.__i'.
compiling system_stm32g4xx.c...
Fatal error: C3904U: Could not open via file 'xpllc474_v0.1\system_stm32g4xx.__i'.
compiling main.c...
compiling ConsoleFast.c...
Fatal error: C3904U: Could not open via file 'xpllc474_v0.1\consolefast.__i'.
compiling ConsoleSlow.c...
Fatal error: C3904U: Could not open via file 'xpllc474_v0.1\consoleslow.__i'.
compiling MODBUS_SLAVE.c...
Fatal error: C3904U: Could not open via file 'xpllc474_v0.1\modbus_slave.__i'.
compiling dspPower300CtrAHB_N.c...
Fatal error: C3904U: Could not open via file 'xpllc474_v0.1\dsppower300ctrahb_n.__i'.
compiling CAN_Control_2800W.c...
Fatal error: C3904U: Could not open via file 'xpllc474_v0.1\can_control_2800w.__i'.
compiling operateStatus.c...
Fatal error: C3904U: Could not open via file 'xpllc474_v0.1\operatestatus.__i'.
compiling user_sample.c...
Fatal error: C3904U: Could not open via file 'xpllc474_v0.1\user_sample.__i'.
compiling OtaGw.c...
Fatal error: C3904U: Could not open via file 'xpllc474_v0.1\otagw.__i'.
compiling LlcOta.c...
Fatal error: C3904U: Could not open via file 'xpllc474_v0.1\llcota.__i'.
compiling HostX1JumpShutdown.c...
Fatal error: C3904U: Could not open via file 'xpllc474_v0.1\hostx1jumpshutdown.__i'.
compiling CanFdTxQueue.c...
Fatal error: C3904U: Could not open via file 'xpllc474_v0.1\canfdtxqueue.__i'.
compiling stm32g4xx_hal_adc.c...
compiling HostX1Gate.c...
Fatal error: C3904U: Could not open via file 'xpllc474_v0.1\hostx1gate.__i'.
compiling HostOtaHandoff.c...
Fatal error: C3904U: Could not open via file 'xpllc474_v0.1\hostotahandoff.__i'.
compiling HostSlotValidate.c...
Fatal error: C3904U: Could not open via file 'xpllc474_v0.1\hostslotvalidate.__i'.
compiling HostProgStatusInit.c...
Fatal error: C3904U: Could not open via file 'xpllc474_v0.1\hostprogstatusinit.__i'.
compiling OtaHandoffDevType.c...
Fatal error: C3904U: Could not open via file 'xpllc474_v0.1\otahandoffdevtype.__i'.
compiling HostA2Inquire.c...
Fatal error: C3904U: Could not open via file 'xpllc474_v0.1\hosta2inquire.__i'.
compiling UpgradeMsgSaveFunctionDf.c...
Fatal error: C3904U: Could not open via file 'xpllc474_v0.1\upgrademsgsavefunctiondf.__i'.
compiling Flash_spi.c...
Fatal error: C3904U: Could not open via file 'xpllc474_v0.1\flash_spi.__i'.
compiling mx25L1606E.c...
Fatal error: C3904U: Could not open via file 'xpllc474_v0.1\mx25l1606e.__i'.
compiling crc16.c...
Fatal error: C3904U: Could not open via file 'xpllc474_v0.1\crc16.__i'.
"XpLLC474_v0.1\XpLLC474_v0.1" - 40 Error(s), 0 Warning(s).
Target not created.
Build Time Elapsed:  00:00:40
