  main_slow.c
  plecs_stub.c
  mathR02.c
D:\Work\1600W\代码分析\R02_LLC_APP_V1.1.1_0824\AppUser\mathR02.h(1,1): warning C4819: 该文件包含不能在当前代码页(936)中表示的字符。请将该文件保存为 Unicode 格式以防止数据丢失
  (编译源文件“main_slow.c”)
  
D:\Work\1600W\代码分析\R02_LLC_APP_V1.1.1_0824\AppUser\mathR02.c(1,1): warning C4819: 该文件包含不能在当前代码页(936)中表示的字符。请将该文件保存为 Unicode 格式以防止数据丢失
D:\Work\1600W\代码分析\R02_LLC_APP_V1.1.1_0824\AppUser\mathR02.h(1,1): warning C4819: 该文件包含不能在当前代码页(936)中表示的字符。请将该文件保存为 Unicode 格式以防止数据丢失
  (编译源文件“../../../R02_LLC_APP_V1.1.1_0824/AppUser/mathR02.c”)
  
D:\Work\1600W\代码分析\R02_LLC_APP_V1.1.1_0824\AppUser\mathR02.h(1,1): warning C4819: 该文件包含不能在当前代码页(936)中表示的字符。请将该文件保存为 Unicode 格式以防止数据丢失
  (编译源文件“../../../R02_LLC_APP_V1.1.1_0824/AppUser/mathR02.c”)
  
  ConsoleFast.c
D:\Work\1600W\代码分析\R02_LLC_APP_V1.1.1_0824\AppUser\mathR02.h(1,1): warning C4819: 该文件包含不能在当前代码页(936)中表示的字符。请将该文件保存为 Unicode 格式以防止数据丢失
  (编译源文件“../../../R02_LLC_APP_V1.1.1_0824/AppUser/ConsoleFast.c”)
  
  ConsoleSlow.c
D:\Work\1600W\代码分析\R02_LLC_APP_V1.1.1_0824\AppUser\ConsoleSlow.c(1,1): warning C4819: 该文件包含不能在当前代码页(936)中表示的字符。请将该文件保存为 Unicode 格式以防止数据丢失
D:\Work\1600W\代码分析\R02_LLC_APP_V1.1.1_0824\AppUser\mathR02.h(1,1): warning C4819: 该文件包含不能在当前代码页(936)中表示的字符。请将该文件保存为 Unicode 格式以防止数据丢失
  (编译源文件“../../../R02_LLC_APP_V1.1.1_0824/AppUser/ConsoleSlow.c”)
  
  user_sample.c
D:\Work\1600W\代码分析\R02_LLC_APP_V1.1.1_0824\AppUser\user_sample.c(1,1): warning C4819: 该文件包含不能在当前代码页(936)中表示的字符。请将该文件保存为 Unicode 格式以防止数据丢失
D:\Work\1600W\代码分析\R02_LLC_APP_V1.1.1_0824\AppUser\mathR02.h(1,1): warning C4819: 该文件包含不能在当前代码页(936)中表示的字符。请将该文件保存为 Unicode 格式以防止数据丢失
  (编译源文件“../../../R02_LLC_APP_V1.1.1_0824/AppUser/user_sample.c”)
  
  Sr_Handle.c
D:\Work\1600W\代码分析\R02_LLC_APP_V1.1.1_0824\AppUser\mathR02.h(1,1): warning C4819: 该文件包含不能在当前代码页(936)中表示的字符。请将该文件保存为 Unicode 格式以防止数据丢失
  (编译源文件“../../../R02_LLC_APP_V1.1.1_0824/AppUser/Sr_Handle.c”)
  
D:\Work\1600W\代码分析\R02_LLC_APP_V1.1.1_0824\AppUser\mathR02.h(1,1): warning C4819: 该文件包含不能在当前代码页(936)中表示的字符。请将该文件保存为 Unicode 格式以防止数据丢失
  (编译源文件“../../../R02_LLC_APP_V1.1.1_0824/AppUser/Sr_Handle.c”)
  
  正在生成代码...
    正在创建库 D:\Work\1600W\代码分析\Visual studio projects\pi_controller\x64\Debug\llc_slow.lib 和对象 D:\Work\1600W\代码分析\Visual studio projects\pi_controller\x64\Debug\llc_slow.exp
  llc_slow.vcxproj -> D:\Work\1600W\代码分析\Visual studio projects\pi_controller\x64\Debug\llc_slow.dll
